--------------------------------------------------------------------------------
Release 14.7 Trace  (nt64)
Copyright (c) 1995-2013 Xilinx, Inc.  All rights reserved.

C:\Xilinx\14.7\ISE_DS\ISE\bin\nt64\unwrapped\trce.exe -intstyle ise -v 3 -s 4
-n 3 -fastpaths -xml CLA.twx CLA.ncd -o CLA.twr CLA.pcf

Design file:              CLA.ncd
Physical constraint file: CLA.pcf
Device,package,speed:     xc3s100e,tq144,-4 (PRODUCTION 1.27 2013-10-13)
Report level:             verbose report

Environment Variable      Effect 
--------------------      ------ 
NONE                      No environment variables were set
--------------------------------------------------------------------------------

INFO:Timing:2698 - No timing constraints found, doing default enumeration.
INFO:Timing:3412 - To improve timing, see the Timing Closure User Guide (UG612).
INFO:Timing:2752 - To get complete path coverage, use the unconstrained paths 
   option. All paths that are not constrained will be reported in the 
   unconstrained paths section(s) of the report.
INFO:Timing:3339 - The clock-to-out numbers in this timing report are based on 
   a 50 Ohm transmission line loading model.  For the details of this model, 
   and for more information on accounting for different loading conditions, 
   please see the device datasheet.
INFO:Timing:3390 - This architecture does not support a default System Jitter 
   value, please add SYSTEM_JITTER constraint to the UCF to modify the Clock 
   Uncertainty calculation.
INFO:Timing:3389 - This architecture does not support 'Discrete Jitter' and 
   'Phase Error' calculations, these terms will be zero in the Clock 
   Uncertainty calculation.  Please make appropriate modification to 
   SYSTEM_JITTER to account for the unsupported Discrete Jitter and Phase 
   Error.



Data Sheet report:
-----------------
All values displayed in nanoseconds (ns)

Pad to Pad
---------------+---------------+---------+
Source Pad     |Destination Pad|  Delay  |
---------------+---------------+---------+
A<0>           |Carry          |   28.170|
A<0>           |Sum<0>         |    7.177|
A<0>           |Sum<1>         |    7.820|
A<0>           |Sum<2>         |    9.203|
A<0>           |Sum<3>         |    9.506|
A<0>           |Sum<4>         |   11.113|
A<0>           |Sum<5>         |   11.851|
A<0>           |Sum<6>         |   12.085|
A<0>           |Sum<7>         |   13.487|
A<0>           |Sum<8>         |   14.905|
A<0>           |Sum<9>         |   15.279|
A<0>           |Sum<10>        |   16.827|
A<0>           |Sum<11>        |   16.973|
A<0>           |Sum<12>        |   20.924|
A<0>           |Sum<13>        |   21.831|
A<0>           |Sum<14>        |   22.093|
A<0>           |Sum<15>        |   23.708|
A<0>           |Sum<16>        |   23.675|
A<0>           |Sum<17>        |   26.106|
A<0>           |Sum<18>        |   27.096|
A<0>           |Sum<19>        |   30.040|
A<1>           |Carry          |   29.135|
A<1>           |Sum<1>         |    8.130|
A<1>           |Sum<2>         |   10.168|
A<1>           |Sum<3>         |   10.471|
A<1>           |Sum<4>         |   12.078|
A<1>           |Sum<5>         |   12.816|
A<1>           |Sum<6>         |   13.050|
A<1>           |Sum<7>         |   14.452|
A<1>           |Sum<8>         |   15.870|
A<1>           |Sum<9>         |   16.244|
A<1>           |Sum<10>        |   17.792|
A<1>           |Sum<11>        |   17.938|
A<1>           |Sum<12>        |   21.889|
A<1>           |Sum<13>        |   22.796|
A<1>           |Sum<14>        |   23.058|
A<1>           |Sum<15>        |   24.673|
A<1>           |Sum<16>        |   24.640|
A<1>           |Sum<17>        |   27.071|
A<1>           |Sum<18>        |   28.061|
A<1>           |Sum<19>        |   31.005|
A<2>           |Carry          |   27.158|
A<2>           |Sum<2>         |    8.303|
A<2>           |Sum<3>         |    8.494|
A<2>           |Sum<4>         |   10.101|
A<2>           |Sum<5>         |   10.839|
A<2>           |Sum<6>         |   11.073|
A<2>           |Sum<7>         |   12.475|
A<2>           |Sum<8>         |   13.893|
A<2>           |Sum<9>         |   14.267|
A<2>           |Sum<10>        |   15.815|
A<2>           |Sum<11>        |   15.961|
A<2>           |Sum<12>        |   19.912|
A<2>           |Sum<13>        |   20.819|
A<2>           |Sum<14>        |   21.081|
A<2>           |Sum<15>        |   22.696|
A<2>           |Sum<16>        |   22.663|
A<2>           |Sum<17>        |   25.094|
A<2>           |Sum<18>        |   26.084|
A<2>           |Sum<19>        |   29.028|
A<3>           |Carry          |   26.950|
A<3>           |Sum<3>         |    7.931|
A<3>           |Sum<4>         |    9.893|
A<3>           |Sum<5>         |   10.631|
A<3>           |Sum<6>         |   10.865|
A<3>           |Sum<7>         |   12.267|
A<3>           |Sum<8>         |   13.685|
A<3>           |Sum<9>         |   14.059|
A<3>           |Sum<10>        |   15.607|
A<3>           |Sum<11>        |   15.753|
A<3>           |Sum<12>        |   19.704|
A<3>           |Sum<13>        |   20.611|
A<3>           |Sum<14>        |   20.873|
A<3>           |Sum<15>        |   22.488|
A<3>           |Sum<16>        |   22.455|
A<3>           |Sum<17>        |   24.886|
A<3>           |Sum<18>        |   25.876|
A<3>           |Sum<19>        |   28.820|
A<4>           |Carry          |   25.067|
A<4>           |Sum<4>         |    8.145|
A<4>           |Sum<5>         |    8.748|
A<4>           |Sum<6>         |    8.982|
A<4>           |Sum<7>         |   10.384|
A<4>           |Sum<8>         |   11.802|
A<4>           |Sum<9>         |   12.176|
A<4>           |Sum<10>        |   13.724|
A<4>           |Sum<11>        |   13.870|
A<4>           |Sum<12>        |   17.821|
A<4>           |Sum<13>        |   18.728|
A<4>           |Sum<14>        |   18.990|
A<4>           |Sum<15>        |   20.605|
A<4>           |Sum<16>        |   20.572|
A<4>           |Sum<17>        |   23.003|
A<4>           |Sum<18>        |   23.993|
A<4>           |Sum<19>        |   26.937|
A<5>           |Carry          |   24.646|
A<5>           |Sum<5>         |    7.839|
A<5>           |Sum<6>         |    8.307|
A<5>           |Sum<7>         |    9.963|
A<5>           |Sum<8>         |   11.381|
A<5>           |Sum<9>         |   11.755|
A<5>           |Sum<10>        |   13.303|
A<5>           |Sum<11>        |   13.449|
A<5>           |Sum<12>        |   17.400|
A<5>           |Sum<13>        |   18.307|
A<5>           |Sum<14>        |   18.569|
A<5>           |Sum<15>        |   20.184|
A<5>           |Sum<16>        |   20.151|
A<5>           |Sum<17>        |   22.582|
A<5>           |Sum<18>        |   23.572|
A<5>           |Sum<19>        |   26.516|
A<6>           |Carry          |   26.832|
A<6>           |Sum<6>         |    9.358|
A<6>           |Sum<7>         |   12.149|
A<6>           |Sum<8>         |   13.567|
A<6>           |Sum<9>         |   13.941|
A<6>           |Sum<10>        |   15.489|
A<6>           |Sum<11>        |   15.635|
A<6>           |Sum<12>        |   19.586|
A<6>           |Sum<13>        |   20.493|
A<6>           |Sum<14>        |   20.755|
A<6>           |Sum<15>        |   22.370|
A<6>           |Sum<16>        |   22.337|
A<6>           |Sum<17>        |   24.768|
A<6>           |Sum<18>        |   25.758|
A<6>           |Sum<19>        |   28.702|
A<7>           |Carry          |   22.462|
A<7>           |Sum<7>         |    7.945|
A<7>           |Sum<8>         |    9.197|
A<7>           |Sum<9>         |    9.571|
A<7>           |Sum<10>        |   11.119|
A<7>           |Sum<11>        |   11.265|
A<7>           |Sum<12>        |   15.216|
A<7>           |Sum<13>        |   16.123|
A<7>           |Sum<14>        |   16.385|
A<7>           |Sum<15>        |   18.000|
A<7>           |Sum<16>        |   17.967|
A<7>           |Sum<17>        |   20.398|
A<7>           |Sum<18>        |   21.388|
A<7>           |Sum<19>        |   24.332|
A<8>           |Carry          |   20.826|
A<8>           |Sum<8>         |    7.637|
A<8>           |Sum<9>         |    7.935|
A<8>           |Sum<10>        |    9.483|
A<8>           |Sum<11>        |    9.629|
A<8>           |Sum<12>        |   13.580|
A<8>           |Sum<13>        |   14.487|
A<8>           |Sum<14>        |   14.749|
A<8>           |Sum<15>        |   16.364|
A<8>           |Sum<16>        |   16.331|
A<8>           |Sum<17>        |   18.762|
A<8>           |Sum<18>        |   19.752|
A<8>           |Sum<19>        |   22.696|
A<9>           |Carry          |   21.573|
A<9>           |Sum<9>         |    8.508|
A<9>           |Sum<10>        |   10.230|
A<9>           |Sum<11>        |   10.376|
A<9>           |Sum<12>        |   14.327|
A<9>           |Sum<13>        |   15.234|
A<9>           |Sum<14>        |   15.496|
A<9>           |Sum<15>        |   17.111|
A<9>           |Sum<16>        |   17.078|
A<9>           |Sum<17>        |   19.509|
A<9>           |Sum<18>        |   20.499|
A<9>           |Sum<19>        |   23.443|
A<10>          |Carry          |   18.346|
A<10>          |Sum<10>        |    8.570|
A<10>          |Sum<11>        |    8.665|
A<10>          |Sum<12>        |   11.100|
A<10>          |Sum<13>        |   12.007|
A<10>          |Sum<14>        |   12.269|
A<10>          |Sum<15>        |   13.884|
A<10>          |Sum<16>        |   13.851|
A<10>          |Sum<17>        |   16.282|
A<10>          |Sum<18>        |   17.272|
A<10>          |Sum<19>        |   20.216|
A<11>          |Carry          |   20.080|
A<11>          |Sum<11>        |    9.067|
A<11>          |Sum<12>        |   12.834|
A<11>          |Sum<13>        |   13.741|
A<11>          |Sum<14>        |   14.003|
A<11>          |Sum<15>        |   15.618|
A<11>          |Sum<16>        |   15.585|
A<11>          |Sum<17>        |   18.016|
A<11>          |Sum<18>        |   19.006|
A<11>          |Sum<19>        |   21.950|
A<12>          |Carry          |   15.440|
A<12>          |Sum<12>        |    8.189|
A<12>          |Sum<13>        |    9.101|
A<12>          |Sum<14>        |    9.363|
A<12>          |Sum<15>        |   10.978|
A<12>          |Sum<16>        |   10.945|
A<12>          |Sum<17>        |   13.376|
A<12>          |Sum<18>        |   14.366|
A<12>          |Sum<19>        |   17.310|
A<13>          |Carry          |   15.183|
A<13>          |Sum<13>        |    7.544|
A<13>          |Sum<14>        |    9.106|
A<13>          |Sum<15>        |   10.721|
A<13>          |Sum<16>        |   10.688|
A<13>          |Sum<17>        |   13.119|
A<13>          |Sum<18>        |   14.109|
A<13>          |Sum<19>        |   17.053|
A<14>          |Carry          |   13.143|
A<14>          |Sum<14>        |    7.546|
A<14>          |Sum<15>        |    8.681|
A<14>          |Sum<16>        |    8.648|
A<14>          |Sum<17>        |   11.079|
A<14>          |Sum<18>        |   12.069|
A<14>          |Sum<19>        |   15.013|
A<15>          |Carry          |   12.789|
A<15>          |Sum<15>        |    7.706|
A<15>          |Sum<16>        |    7.723|
A<15>          |Sum<17>        |   10.725|
A<15>          |Sum<18>        |   11.715|
A<15>          |Sum<19>        |   14.659|
A<16>          |Carry          |   13.819|
A<16>          |Sum<16>        |    9.285|
A<16>          |Sum<17>        |   11.755|
A<16>          |Sum<18>        |   12.745|
A<16>          |Sum<19>        |   15.689|
A<17>          |Carry          |   10.434|
A<17>          |Sum<17>        |    7.795|
A<17>          |Sum<18>        |    9.360|
A<17>          |Sum<19>        |   12.304|
A<18>          |Carry          |    8.261|
A<18>          |Sum<18>        |    8.053|
A<18>          |Sum<19>        |   10.131|
A<19>          |Carry          |    6.995|
A<19>          |Sum<19>        |    8.150|
B<0>           |Carry          |   28.335|
B<0>           |Sum<0>         |    7.256|
B<0>           |Sum<1>         |    7.351|
B<0>           |Sum<2>         |    9.368|
B<0>           |Sum<3>         |    9.671|
B<0>           |Sum<4>         |   11.278|
B<0>           |Sum<5>         |   12.016|
B<0>           |Sum<6>         |   12.250|
B<0>           |Sum<7>         |   13.652|
B<0>           |Sum<8>         |   15.070|
B<0>           |Sum<9>         |   15.444|
B<0>           |Sum<10>        |   16.992|
B<0>           |Sum<11>        |   17.138|
B<0>           |Sum<12>        |   21.089|
B<0>           |Sum<13>        |   21.996|
B<0>           |Sum<14>        |   22.258|
B<0>           |Sum<15>        |   23.873|
B<0>           |Sum<16>        |   23.840|
B<0>           |Sum<17>        |   26.271|
B<0>           |Sum<18>        |   27.261|
B<0>           |Sum<19>        |   30.205|
B<1>           |Carry          |   28.511|
B<1>           |Sum<1>         |    7.599|
B<1>           |Sum<2>         |    9.544|
B<1>           |Sum<3>         |    9.847|
B<1>           |Sum<4>         |   11.454|
B<1>           |Sum<5>         |   12.192|
B<1>           |Sum<6>         |   12.426|
B<1>           |Sum<7>         |   13.828|
B<1>           |Sum<8>         |   15.246|
B<1>           |Sum<9>         |   15.620|
B<1>           |Sum<10>        |   17.168|
B<1>           |Sum<11>        |   17.314|
B<1>           |Sum<12>        |   21.265|
B<1>           |Sum<13>        |   22.172|
B<1>           |Sum<14>        |   22.434|
B<1>           |Sum<15>        |   24.049|
B<1>           |Sum<16>        |   24.016|
B<1>           |Sum<17>        |   26.447|
B<1>           |Sum<18>        |   27.437|
B<1>           |Sum<19>        |   30.381|
B<2>           |Carry          |   27.043|
B<2>           |Sum<2>         |    7.814|
B<2>           |Sum<3>         |    8.379|
B<2>           |Sum<4>         |    9.986|
B<2>           |Sum<5>         |   10.724|
B<2>           |Sum<6>         |   10.958|
B<2>           |Sum<7>         |   12.360|
B<2>           |Sum<8>         |   13.778|
B<2>           |Sum<9>         |   14.152|
B<2>           |Sum<10>        |   15.700|
B<2>           |Sum<11>        |   15.846|
B<2>           |Sum<12>        |   19.797|
B<2>           |Sum<13>        |   20.704|
B<2>           |Sum<14>        |   20.966|
B<2>           |Sum<15>        |   22.581|
B<2>           |Sum<16>        |   22.548|
B<2>           |Sum<17>        |   24.979|
B<2>           |Sum<18>        |   25.969|
B<2>           |Sum<19>        |   28.913|
B<3>           |Carry          |   25.625|
B<3>           |Sum<3>         |    7.016|
B<3>           |Sum<4>         |    8.568|
B<3>           |Sum<5>         |    9.306|
B<3>           |Sum<6>         |    9.540|
B<3>           |Sum<7>         |   10.942|
B<3>           |Sum<8>         |   12.360|
B<3>           |Sum<9>         |   12.734|
B<3>           |Sum<10>        |   14.282|
B<3>           |Sum<11>        |   14.428|
B<3>           |Sum<12>        |   18.379|
B<3>           |Sum<13>        |   19.286|
B<3>           |Sum<14>        |   19.548|
B<3>           |Sum<15>        |   21.163|
B<3>           |Sum<16>        |   21.130|
B<3>           |Sum<17>        |   23.561|
B<3>           |Sum<18>        |   24.551|
B<3>           |Sum<19>        |   27.495|
B<4>           |Carry          |   24.673|
B<4>           |Sum<4>         |    7.847|
B<4>           |Sum<5>         |    8.354|
B<4>           |Sum<6>         |    8.588|
B<4>           |Sum<7>         |    9.990|
B<4>           |Sum<8>         |   11.408|
B<4>           |Sum<9>         |   11.782|
B<4>           |Sum<10>        |   13.330|
B<4>           |Sum<11>        |   13.476|
B<4>           |Sum<12>        |   17.427|
B<4>           |Sum<13>        |   18.334|
B<4>           |Sum<14>        |   18.596|
B<4>           |Sum<15>        |   20.211|
B<4>           |Sum<16>        |   20.178|
B<4>           |Sum<17>        |   22.609|
B<4>           |Sum<18>        |   23.599|
B<4>           |Sum<19>        |   26.543|
B<5>           |Carry          |   24.913|
B<5>           |Sum<5>         |    7.698|
B<5>           |Sum<6>         |    8.802|
B<5>           |Sum<7>         |   10.230|
B<5>           |Sum<8>         |   11.648|
B<5>           |Sum<9>         |   12.022|
B<5>           |Sum<10>        |   13.570|
B<5>           |Sum<11>        |   13.716|
B<5>           |Sum<12>        |   17.667|
B<5>           |Sum<13>        |   18.574|
B<5>           |Sum<14>        |   18.836|
B<5>           |Sum<15>        |   20.451|
B<5>           |Sum<16>        |   20.418|
B<5>           |Sum<17>        |   22.849|
B<5>           |Sum<18>        |   23.839|
B<5>           |Sum<19>        |   26.783|
B<6>           |Carry          |   27.195|
B<6>           |Sum<6>         |    9.721|
B<6>           |Sum<7>         |   12.512|
B<6>           |Sum<8>         |   13.930|
B<6>           |Sum<9>         |   14.304|
B<6>           |Sum<10>        |   15.852|
B<6>           |Sum<11>        |   15.998|
B<6>           |Sum<12>        |   19.949|
B<6>           |Sum<13>        |   20.856|
B<6>           |Sum<14>        |   21.118|
B<6>           |Sum<15>        |   22.733|
B<6>           |Sum<16>        |   22.700|
B<6>           |Sum<17>        |   25.131|
B<6>           |Sum<18>        |   26.121|
B<6>           |Sum<19>        |   29.065|
B<7>           |Carry          |   22.240|
B<7>           |Sum<7>         |    6.921|
B<7>           |Sum<8>         |    8.975|
B<7>           |Sum<9>         |    9.349|
B<7>           |Sum<10>        |   10.897|
B<7>           |Sum<11>        |   11.043|
B<7>           |Sum<12>        |   14.994|
B<7>           |Sum<13>        |   15.901|
B<7>           |Sum<14>        |   16.163|
B<7>           |Sum<15>        |   17.778|
B<7>           |Sum<16>        |   17.745|
B<7>           |Sum<17>        |   20.176|
B<7>           |Sum<18>        |   21.166|
B<7>           |Sum<19>        |   24.110|
B<8>           |Carry          |   21.303|
B<8>           |Sum<8>         |    8.551|
B<8>           |Sum<9>         |    8.412|
B<8>           |Sum<10>        |    9.960|
B<8>           |Sum<11>        |   10.106|
B<8>           |Sum<12>        |   14.057|
B<8>           |Sum<13>        |   14.964|
B<8>           |Sum<14>        |   15.226|
B<8>           |Sum<15>        |   16.841|
B<8>           |Sum<16>        |   16.808|
B<8>           |Sum<17>        |   19.239|
B<8>           |Sum<18>        |   20.229|
B<8>           |Sum<19>        |   23.173|
B<9>           |Carry          |   20.773|
B<9>           |Sum<9>         |    7.653|
B<9>           |Sum<10>        |    9.430|
B<9>           |Sum<11>        |    9.576|
B<9>           |Sum<12>        |   13.527|
B<9>           |Sum<13>        |   14.434|
B<9>           |Sum<14>        |   14.696|
B<9>           |Sum<15>        |   16.311|
B<9>           |Sum<16>        |   16.278|
B<9>           |Sum<17>        |   18.709|
B<9>           |Sum<18>        |   19.699|
B<9>           |Sum<19>        |   22.643|
B<10>          |Carry          |   20.355|
B<10>          |Sum<10>        |    7.628|
B<10>          |Sum<11>        |    8.624|
B<10>          |Sum<12>        |   13.109|
B<10>          |Sum<13>        |   14.016|
B<10>          |Sum<14>        |   14.278|
B<10>          |Sum<15>        |   15.893|
B<10>          |Sum<16>        |   15.860|
B<10>          |Sum<17>        |   18.291|
B<10>          |Sum<18>        |   19.281|
B<10>          |Sum<19>        |   22.225|
B<11>          |Carry          |   20.194|
B<11>          |Sum<11>        |    9.181|
B<11>          |Sum<12>        |   12.948|
B<11>          |Sum<13>        |   13.855|
B<11>          |Sum<14>        |   14.117|
B<11>          |Sum<15>        |   15.732|
B<11>          |Sum<16>        |   15.699|
B<11>          |Sum<17>        |   18.130|
B<11>          |Sum<18>        |   19.120|
B<11>          |Sum<19>        |   22.064|
B<12>          |Carry          |   14.923|
B<12>          |Sum<12>        |    7.637|
B<12>          |Sum<13>        |    8.584|
B<12>          |Sum<14>        |    8.846|
B<12>          |Sum<15>        |   10.461|
B<12>          |Sum<16>        |   10.428|
B<12>          |Sum<17>        |   12.859|
B<12>          |Sum<18>        |   13.849|
B<12>          |Sum<19>        |   16.793|
B<13>          |Carry          |   14.609|
B<13>          |Sum<13>        |    7.420|
B<13>          |Sum<14>        |    8.532|
B<13>          |Sum<15>        |   10.147|
B<13>          |Sum<16>        |   10.114|
B<13>          |Sum<17>        |   12.545|
B<13>          |Sum<18>        |   13.535|
B<13>          |Sum<19>        |   16.479|
B<14>          |Carry          |   14.628|
B<14>          |Sum<14>        |    9.018|
B<14>          |Sum<15>        |   10.166|
B<14>          |Sum<16>        |   10.133|
B<14>          |Sum<17>        |   12.564|
B<14>          |Sum<18>        |   13.554|
B<14>          |Sum<19>        |   16.498|
B<15>          |Carry          |   12.998|
B<15>          |Sum<15>        |    7.288|
B<15>          |Sum<16>        |    7.749|
B<15>          |Sum<17>        |   10.934|
B<15>          |Sum<18>        |   11.924|
B<15>          |Sum<19>        |   14.868|
B<16>          |Carry          |   13.822|
B<16>          |Sum<16>        |    9.288|
B<16>          |Sum<17>        |   11.758|
B<16>          |Sum<18>        |   12.748|
B<16>          |Sum<19>        |   15.692|
B<17>          |Carry          |   10.630|
B<17>          |Sum<17>        |    7.244|
B<17>          |Sum<18>        |    9.556|
B<17>          |Sum<19>        |   12.500|
B<18>          |Carry          |    8.558|
B<18>          |Sum<18>        |    8.149|
B<18>          |Sum<19>        |   10.428|
B<19>          |Carry          |    6.867|
B<19>          |Sum<19>        |    7.940|
Cin            |Carry          |   29.722|
Cin            |Sum<1>         |    8.760|
Cin            |Sum<2>         |   10.755|
Cin            |Sum<3>         |   11.058|
Cin            |Sum<4>         |   12.665|
Cin            |Sum<5>         |   13.403|
Cin            |Sum<6>         |   13.637|
Cin            |Sum<7>         |   15.039|
Cin            |Sum<8>         |   16.457|
Cin            |Sum<9>         |   16.831|
Cin            |Sum<10>        |   18.379|
Cin            |Sum<11>        |   18.525|
Cin            |Sum<12>        |   22.476|
Cin            |Sum<13>        |   23.383|
Cin            |Sum<14>        |   23.645|
Cin            |Sum<15>        |   25.260|
Cin            |Sum<16>        |   25.227|
Cin            |Sum<17>        |   27.658|
Cin            |Sum<18>        |   28.648|
Cin            |Sum<19>        |   31.592|
---------------+---------------+---------+


Analysis completed Tue Dec 15 06:35:59 2020 
--------------------------------------------------------------------------------

Trace Settings:
-------------------------
Trace Settings 

Peak Memory Usage: 4503 MB



