--------------------------------------------------------------------------------
Release 14.7 Trace  (nt64)
Copyright (c) 1995-2013 Xilinx, Inc.  All rights reserved.

C:\Xilinx\14.7\ISE_DS\ISE\bin\nt64\unwrapped\trce.exe -intstyle ise -v 3 -s 4
-n 3 -fastpaths -xml Adder.twx Adder.ncd -o Adder.twr Adder.pcf

Design file:              Adder.ncd
Physical constraint file: Adder.pcf
Device,package,speed:     xc3s100e,tq144,-4 (PRODUCTION 1.27 2013-10-13)
Report level:             verbose report

Environment Variable      Effect 
--------------------      ------ 
NONE                      No environment variables were set
--------------------------------------------------------------------------------

INFO:Timing:2698 - No timing constraints found, doing default enumeration.
INFO:Timing:3412 - To improve timing, see the Timing Closure User Guide (UG612).
INFO:Timing:2752 - To get complete path coverage, use the unconstrained paths 
   option. All paths that are not constrained will be reported in the 
   unconstrained paths section(s) of the report.
INFO:Timing:3339 - The clock-to-out numbers in this timing report are based on 
   a 50 Ohm transmission line loading model.  For the details of this model, 
   and for more information on accounting for different loading conditions, 
   please see the device datasheet.
INFO:Timing:3390 - This architecture does not support a default System Jitter 
   value, please add SYSTEM_JITTER constraint to the UCF to modify the Clock 
   Uncertainty calculation.
INFO:Timing:3389 - This architecture does not support 'Discrete Jitter' and 
   'Phase Error' calculations, these terms will be zero in the Clock 
   Uncertainty calculation.  Please make appropriate modification to 
   SYSTEM_JITTER to account for the unsupported Discrete Jitter and Phase 
   Error.



Data Sheet report:
-----------------
All values displayed in nanoseconds (ns)

Pad to Pad
---------------+---------------+---------+
Source Pad     |Destination Pad|  Delay  |
---------------+---------------+---------+
A<0>           |Carry          |   26.117|
A<0>           |Sum<0>         |    8.692|
A<0>           |Sum<1>         |    9.381|
A<0>           |Sum<2>         |    9.717|
A<0>           |Sum<3>         |   10.929|
A<0>           |Sum<4>         |   11.531|
A<0>           |Sum<5>         |   13.262|
A<0>           |Sum<6>         |   13.965|
A<0>           |Sum<7>         |   13.942|
A<0>           |Sum<8>         |   15.391|
A<0>           |Sum<9>         |   16.806|
A<0>           |Sum<10>        |   18.149|
A<0>           |Sum<11>        |   18.621|
A<0>           |Sum<12>        |   20.576|
A<0>           |Sum<13>        |   20.825|
A<0>           |Sum<14>        |   22.295|
A<0>           |Sum<15>        |   22.647|
A<0>           |Sum<16>        |   24.414|
A<0>           |Sum<17>        |   23.947|
A<0>           |Sum<18>        |   25.679|
A<0>           |Sum<19>        |   26.626|
A<1>           |Carry          |   25.459|
A<1>           |Sum<1>         |    8.207|
A<1>           |Sum<2>         |    9.059|
A<1>           |Sum<3>         |   10.271|
A<1>           |Sum<4>         |   10.873|
A<1>           |Sum<5>         |   12.604|
A<1>           |Sum<6>         |   13.307|
A<1>           |Sum<7>         |   13.284|
A<1>           |Sum<8>         |   14.733|
A<1>           |Sum<9>         |   16.148|
A<1>           |Sum<10>        |   17.491|
A<1>           |Sum<11>        |   17.963|
A<1>           |Sum<12>        |   19.918|
A<1>           |Sum<13>        |   20.167|
A<1>           |Sum<14>        |   21.637|
A<1>           |Sum<15>        |   21.989|
A<1>           |Sum<16>        |   23.756|
A<1>           |Sum<17>        |   23.289|
A<1>           |Sum<18>        |   25.021|
A<1>           |Sum<19>        |   25.968|
A<2>           |Carry          |   24.374|
A<2>           |Sum<2>         |    7.827|
A<2>           |Sum<3>         |    9.186|
A<2>           |Sum<4>         |    9.788|
A<2>           |Sum<5>         |   11.519|
A<2>           |Sum<6>         |   12.222|
A<2>           |Sum<7>         |   12.199|
A<2>           |Sum<8>         |   13.648|
A<2>           |Sum<9>         |   15.063|
A<2>           |Sum<10>        |   16.406|
A<2>           |Sum<11>        |   16.878|
A<2>           |Sum<12>        |   18.833|
A<2>           |Sum<13>        |   19.082|
A<2>           |Sum<14>        |   20.552|
A<2>           |Sum<15>        |   20.904|
A<2>           |Sum<16>        |   22.671|
A<2>           |Sum<17>        |   22.204|
A<2>           |Sum<18>        |   23.936|
A<2>           |Sum<19>        |   24.883|
A<3>           |Carry          |   23.587|
A<3>           |Sum<3>         |    8.091|
A<3>           |Sum<4>         |    9.001|
A<3>           |Sum<5>         |   10.732|
A<3>           |Sum<6>         |   11.435|
A<3>           |Sum<7>         |   11.412|
A<3>           |Sum<8>         |   12.861|
A<3>           |Sum<9>         |   14.276|
A<3>           |Sum<10>        |   15.619|
A<3>           |Sum<11>        |   16.091|
A<3>           |Sum<12>        |   18.046|
A<3>           |Sum<13>        |   18.295|
A<3>           |Sum<14>        |   19.765|
A<3>           |Sum<15>        |   20.117|
A<3>           |Sum<16>        |   21.884|
A<3>           |Sum<17>        |   21.417|
A<3>           |Sum<18>        |   23.149|
A<3>           |Sum<19>        |   24.096|
A<4>           |Carry          |   22.990|
A<4>           |Sum<4>         |    8.088|
A<4>           |Sum<5>         |   10.135|
A<4>           |Sum<6>         |   10.838|
A<4>           |Sum<7>         |   10.815|
A<4>           |Sum<8>         |   12.264|
A<4>           |Sum<9>         |   13.679|
A<4>           |Sum<10>        |   15.022|
A<4>           |Sum<11>        |   15.494|
A<4>           |Sum<12>        |   17.449|
A<4>           |Sum<13>        |   17.698|
A<4>           |Sum<14>        |   19.168|
A<4>           |Sum<15>        |   19.520|
A<4>           |Sum<16>        |   21.287|
A<4>           |Sum<17>        |   20.820|
A<4>           |Sum<18>        |   22.552|
A<4>           |Sum<19>        |   23.499|
A<5>           |Carry          |   21.924|
A<5>           |Sum<5>         |    8.733|
A<5>           |Sum<6>         |    9.772|
A<5>           |Sum<7>         |    9.749|
A<5>           |Sum<8>         |   11.198|
A<5>           |Sum<9>         |   12.613|
A<5>           |Sum<10>        |   13.956|
A<5>           |Sum<11>        |   14.428|
A<5>           |Sum<12>        |   16.383|
A<5>           |Sum<13>        |   16.632|
A<5>           |Sum<14>        |   18.102|
A<5>           |Sum<15>        |   18.454|
A<5>           |Sum<16>        |   20.221|
A<5>           |Sum<17>        |   19.754|
A<5>           |Sum<18>        |   21.486|
A<5>           |Sum<19>        |   22.433|
A<6>           |Carry          |   20.650|
A<6>           |Sum<6>         |    8.768|
A<6>           |Sum<7>         |    8.475|
A<6>           |Sum<8>         |    9.924|
A<6>           |Sum<9>         |   11.339|
A<6>           |Sum<10>        |   12.682|
A<6>           |Sum<11>        |   13.154|
A<6>           |Sum<12>        |   15.109|
A<6>           |Sum<13>        |   15.358|
A<6>           |Sum<14>        |   16.828|
A<6>           |Sum<15>        |   17.180|
A<6>           |Sum<16>        |   18.947|
A<6>           |Sum<17>        |   18.480|
A<6>           |Sum<18>        |   20.212|
A<6>           |Sum<19>        |   21.159|
A<7>           |Carry          |   20.416|
A<7>           |Sum<7>         |    7.974|
A<7>           |Sum<8>         |    9.690|
A<7>           |Sum<9>         |   11.105|
A<7>           |Sum<10>        |   12.448|
A<7>           |Sum<11>        |   12.920|
A<7>           |Sum<12>        |   14.875|
A<7>           |Sum<13>        |   15.124|
A<7>           |Sum<14>        |   16.594|
A<7>           |Sum<15>        |   16.946|
A<7>           |Sum<16>        |   18.713|
A<7>           |Sum<17>        |   18.246|
A<7>           |Sum<18>        |   19.978|
A<7>           |Sum<19>        |   20.925|
A<8>           |Carry          |   17.817|
A<8>           |Sum<8>         |    7.091|
A<8>           |Sum<9>         |    8.506|
A<8>           |Sum<10>        |    9.849|
A<8>           |Sum<11>        |   10.321|
A<8>           |Sum<12>        |   12.276|
A<8>           |Sum<13>        |   12.525|
A<8>           |Sum<14>        |   13.995|
A<8>           |Sum<15>        |   14.347|
A<8>           |Sum<16>        |   16.114|
A<8>           |Sum<17>        |   15.647|
A<8>           |Sum<18>        |   17.379|
A<8>           |Sum<19>        |   18.326|
A<9>           |Carry          |   16.829|
A<9>           |Sum<9>         |    7.463|
A<9>           |Sum<10>        |    8.861|
A<9>           |Sum<11>        |    9.333|
A<9>           |Sum<12>        |   11.288|
A<9>           |Sum<13>        |   11.537|
A<9>           |Sum<14>        |   13.007|
A<9>           |Sum<15>        |   13.359|
A<9>           |Sum<16>        |   15.126|
A<9>           |Sum<17>        |   14.659|
A<9>           |Sum<18>        |   16.391|
A<9>           |Sum<19>        |   17.338|
A<10>          |Carry          |   16.407|
A<10>          |Sum<10>        |    8.559|
A<10>          |Sum<11>        |    8.911|
A<10>          |Sum<12>        |   10.866|
A<10>          |Sum<13>        |   11.115|
A<10>          |Sum<14>        |   12.585|
A<10>          |Sum<15>        |   12.937|
A<10>          |Sum<16>        |   14.704|
A<10>          |Sum<17>        |   14.237|
A<10>          |Sum<18>        |   15.969|
A<10>          |Sum<19>        |   16.916|
A<11>          |Carry          |   15.274|
A<11>          |Sum<11>        |    7.731|
A<11>          |Sum<12>        |    9.733|
A<11>          |Sum<13>        |    9.982|
A<11>          |Sum<14>        |   11.452|
A<11>          |Sum<15>        |   11.804|
A<11>          |Sum<16>        |   13.571|
A<11>          |Sum<17>        |   13.104|
A<11>          |Sum<18>        |   14.836|
A<11>          |Sum<19>        |   15.783|
A<12>          |Carry          |   14.089|
A<12>          |Sum<12>        |    8.553|
A<12>          |Sum<13>        |    8.797|
A<12>          |Sum<14>        |   10.267|
A<12>          |Sum<15>        |   10.619|
A<12>          |Sum<16>        |   12.386|
A<12>          |Sum<17>        |   11.919|
A<12>          |Sum<18>        |   13.651|
A<12>          |Sum<19>        |   14.598|
A<13>          |Carry          |   13.777|
A<13>          |Sum<13>        |    7.781|
A<13>          |Sum<14>        |    9.955|
A<13>          |Sum<15>        |   10.307|
A<13>          |Sum<16>        |   12.074|
A<13>          |Sum<17>        |   11.607|
A<13>          |Sum<18>        |   13.339|
A<13>          |Sum<19>        |   14.286|
A<14>          |Carry          |   12.429|
A<14>          |Sum<14>        |    8.114|
A<14>          |Sum<15>        |    8.959|
A<14>          |Sum<16>        |   10.726|
A<14>          |Sum<17>        |   10.259|
A<14>          |Sum<18>        |   11.991|
A<14>          |Sum<19>        |   12.938|
A<15>          |Carry          |   11.477|
A<15>          |Sum<15>        |    7.980|
A<15>          |Sum<16>        |    9.774|
A<15>          |Sum<17>        |    9.307|
A<15>          |Sum<18>        |   11.039|
A<15>          |Sum<19>        |   11.986|
A<16>          |Carry          |   10.804|
A<16>          |Sum<16>        |    8.855|
A<16>          |Sum<17>        |    8.634|
A<16>          |Sum<18>        |   10.366|
A<16>          |Sum<19>        |   11.313|
A<17>          |Carry          |    9.845|
A<17>          |Sum<17>        |    7.548|
A<17>          |Sum<18>        |    9.407|
A<17>          |Sum<19>        |   10.354|
A<18>          |Carry          |    8.818|
A<18>          |Sum<18>        |    8.634|
A<18>          |Sum<19>        |    9.327|
A<19>          |Carry          |    7.506|
A<19>          |Sum<19>        |    8.015|
B<0>           |Carry          |   25.944|
B<0>           |Sum<0>         |    8.726|
B<0>           |Sum<1>         |    9.208|
B<0>           |Sum<2>         |    9.544|
B<0>           |Sum<3>         |   10.756|
B<0>           |Sum<4>         |   11.358|
B<0>           |Sum<5>         |   13.089|
B<0>           |Sum<6>         |   13.792|
B<0>           |Sum<7>         |   13.769|
B<0>           |Sum<8>         |   15.218|
B<0>           |Sum<9>         |   16.633|
B<0>           |Sum<10>        |   17.976|
B<0>           |Sum<11>        |   18.448|
B<0>           |Sum<12>        |   20.403|
B<0>           |Sum<13>        |   20.652|
B<0>           |Sum<14>        |   22.122|
B<0>           |Sum<15>        |   22.474|
B<0>           |Sum<16>        |   24.241|
B<0>           |Sum<17>        |   23.774|
B<0>           |Sum<18>        |   25.506|
B<0>           |Sum<19>        |   26.453|
B<1>           |Carry          |   25.528|
B<1>           |Sum<1>         |    8.481|
B<1>           |Sum<2>         |    9.128|
B<1>           |Sum<3>         |   10.340|
B<1>           |Sum<4>         |   10.942|
B<1>           |Sum<5>         |   12.673|
B<1>           |Sum<6>         |   13.376|
B<1>           |Sum<7>         |   13.353|
B<1>           |Sum<8>         |   14.802|
B<1>           |Sum<9>         |   16.217|
B<1>           |Sum<10>        |   17.560|
B<1>           |Sum<11>        |   18.032|
B<1>           |Sum<12>        |   19.987|
B<1>           |Sum<13>        |   20.236|
B<1>           |Sum<14>        |   21.706|
B<1>           |Sum<15>        |   22.058|
B<1>           |Sum<16>        |   23.825|
B<1>           |Sum<17>        |   23.358|
B<1>           |Sum<18>        |   25.090|
B<1>           |Sum<19>        |   26.037|
B<2>           |Carry          |   24.509|
B<2>           |Sum<2>         |    8.593|
B<2>           |Sum<3>         |    9.321|
B<2>           |Sum<4>         |    9.923|
B<2>           |Sum<5>         |   11.654|
B<2>           |Sum<6>         |   12.357|
B<2>           |Sum<7>         |   12.334|
B<2>           |Sum<8>         |   13.783|
B<2>           |Sum<9>         |   15.198|
B<2>           |Sum<10>        |   16.541|
B<2>           |Sum<11>        |   17.013|
B<2>           |Sum<12>        |   18.968|
B<2>           |Sum<13>        |   19.217|
B<2>           |Sum<14>        |   20.687|
B<2>           |Sum<15>        |   21.039|
B<2>           |Sum<16>        |   22.806|
B<2>           |Sum<17>        |   22.339|
B<2>           |Sum<18>        |   24.071|
B<2>           |Sum<19>        |   25.018|
B<3>           |Carry          |   23.420|
B<3>           |Sum<3>         |    7.980|
B<3>           |Sum<4>         |    8.834|
B<3>           |Sum<5>         |   10.565|
B<3>           |Sum<6>         |   11.268|
B<3>           |Sum<7>         |   11.245|
B<3>           |Sum<8>         |   12.694|
B<3>           |Sum<9>         |   14.109|
B<3>           |Sum<10>        |   15.452|
B<3>           |Sum<11>        |   15.924|
B<3>           |Sum<12>        |   17.879|
B<3>           |Sum<13>        |   18.128|
B<3>           |Sum<14>        |   19.598|
B<3>           |Sum<15>        |   19.950|
B<3>           |Sum<16>        |   21.717|
B<3>           |Sum<17>        |   21.250|
B<3>           |Sum<18>        |   22.982|
B<3>           |Sum<19>        |   23.929|
B<4>           |Carry          |   22.596|
B<4>           |Sum<4>         |    7.982|
B<4>           |Sum<5>         |    9.741|
B<4>           |Sum<6>         |   10.444|
B<4>           |Sum<7>         |   10.421|
B<4>           |Sum<8>         |   11.870|
B<4>           |Sum<9>         |   13.285|
B<4>           |Sum<10>        |   14.628|
B<4>           |Sum<11>        |   15.100|
B<4>           |Sum<12>        |   17.055|
B<4>           |Sum<13>        |   17.304|
B<4>           |Sum<14>        |   18.774|
B<4>           |Sum<15>        |   19.126|
B<4>           |Sum<16>        |   20.893|
B<4>           |Sum<17>        |   20.426|
B<4>           |Sum<18>        |   22.158|
B<4>           |Sum<19>        |   23.105|
B<5>           |Carry          |   22.115|
B<5>           |Sum<5>         |    8.404|
B<5>           |Sum<6>         |    9.963|
B<5>           |Sum<7>         |    9.940|
B<5>           |Sum<8>         |   11.389|
B<5>           |Sum<9>         |   12.804|
B<5>           |Sum<10>        |   14.147|
B<5>           |Sum<11>        |   14.619|
B<5>           |Sum<12>        |   16.574|
B<5>           |Sum<13>        |   16.823|
B<5>           |Sum<14>        |   18.293|
B<5>           |Sum<15>        |   18.645|
B<5>           |Sum<16>        |   20.412|
B<5>           |Sum<17>        |   19.945|
B<5>           |Sum<18>        |   21.677|
B<5>           |Sum<19>        |   22.624|
B<6>           |Carry          |   20.688|
B<6>           |Sum<6>         |    8.190|
B<6>           |Sum<7>         |    8.513|
B<6>           |Sum<8>         |    9.962|
B<6>           |Sum<9>         |   11.377|
B<6>           |Sum<10>        |   12.720|
B<6>           |Sum<11>        |   13.192|
B<6>           |Sum<12>        |   15.147|
B<6>           |Sum<13>        |   15.396|
B<6>           |Sum<14>        |   16.866|
B<6>           |Sum<15>        |   17.218|
B<6>           |Sum<16>        |   18.985|
B<6>           |Sum<17>        |   18.518|
B<6>           |Sum<18>        |   20.250|
B<6>           |Sum<19>        |   21.197|
B<7>           |Carry          |   19.234|
B<7>           |Sum<7>         |    6.870|
B<7>           |Sum<8>         |    8.508|
B<7>           |Sum<9>         |    9.923|
B<7>           |Sum<10>        |   11.266|
B<7>           |Sum<11>        |   11.738|
B<7>           |Sum<12>        |   13.693|
B<7>           |Sum<13>        |   13.942|
B<7>           |Sum<14>        |   15.412|
B<7>           |Sum<15>        |   15.764|
B<7>           |Sum<16>        |   17.531|
B<7>           |Sum<17>        |   17.064|
B<7>           |Sum<18>        |   18.796|
B<7>           |Sum<19>        |   19.743|
B<8>           |Carry          |   17.978|
B<8>           |Sum<8>         |    7.252|
B<8>           |Sum<9>         |    8.667|
B<8>           |Sum<10>        |   10.010|
B<8>           |Sum<11>        |   10.482|
B<8>           |Sum<12>        |   12.437|
B<8>           |Sum<13>        |   12.686|
B<8>           |Sum<14>        |   14.156|
B<8>           |Sum<15>        |   14.508|
B<8>           |Sum<16>        |   16.275|
B<8>           |Sum<17>        |   15.808|
B<8>           |Sum<18>        |   17.540|
B<8>           |Sum<19>        |   18.487|
B<9>           |Carry          |   16.965|
B<9>           |Sum<9>         |    7.472|
B<9>           |Sum<10>        |    8.997|
B<9>           |Sum<11>        |    9.469|
B<9>           |Sum<12>        |   11.424|
B<9>           |Sum<13>        |   11.673|
B<9>           |Sum<14>        |   13.143|
B<9>           |Sum<15>        |   13.495|
B<9>           |Sum<16>        |   15.262|
B<9>           |Sum<17>        |   14.795|
B<9>           |Sum<18>        |   16.527|
B<9>           |Sum<19>        |   17.474|
B<10>          |Carry          |   15.588|
B<10>          |Sum<10>        |    7.809|
B<10>          |Sum<11>        |    8.092|
B<10>          |Sum<12>        |   10.047|
B<10>          |Sum<13>        |   10.296|
B<10>          |Sum<14>        |   11.766|
B<10>          |Sum<15>        |   12.118|
B<10>          |Sum<16>        |   13.885|
B<10>          |Sum<17>        |   13.418|
B<10>          |Sum<18>        |   15.150|
B<10>          |Sum<19>        |   16.097|
B<11>          |Carry          |   14.885|
B<11>          |Sum<11>        |    7.215|
B<11>          |Sum<12>        |    9.344|
B<11>          |Sum<13>        |    9.593|
B<11>          |Sum<14>        |   11.063|
B<11>          |Sum<15>        |   11.415|
B<11>          |Sum<16>        |   13.182|
B<11>          |Sum<17>        |   12.715|
B<11>          |Sum<18>        |   14.447|
B<11>          |Sum<19>        |   15.394|
B<12>          |Carry          |   13.566|
B<12>          |Sum<12>        |    7.990|
B<12>          |Sum<13>        |    8.274|
B<12>          |Sum<14>        |    9.744|
B<12>          |Sum<15>        |   10.096|
B<12>          |Sum<16>        |   11.863|
B<12>          |Sum<17>        |   11.396|
B<12>          |Sum<18>        |   13.128|
B<12>          |Sum<19>        |   14.075|
B<13>          |Carry          |   12.547|
B<13>          |Sum<13>        |    6.718|
B<13>          |Sum<14>        |    8.725|
B<13>          |Sum<15>        |    9.077|
B<13>          |Sum<16>        |   10.844|
B<13>          |Sum<17>        |   10.377|
B<13>          |Sum<18>        |   12.109|
B<13>          |Sum<19>        |   13.056|
B<14>          |Carry          |   12.519|
B<14>          |Sum<14>        |    7.834|
B<14>          |Sum<15>        |    9.049|
B<14>          |Sum<16>        |   10.816|
B<14>          |Sum<17>        |   10.349|
B<14>          |Sum<18>        |   12.081|
B<14>          |Sum<19>        |   13.028|
B<15>          |Carry          |   10.588|
B<15>          |Sum<15>        |    7.149|
B<15>          |Sum<16>        |    8.885|
B<15>          |Sum<17>        |    8.418|
B<15>          |Sum<18>        |   10.150|
B<15>          |Sum<19>        |   11.097|
B<16>          |Carry          |   10.001|
B<16>          |Sum<16>        |    7.770|
B<16>          |Sum<17>        |    7.831|
B<16>          |Sum<18>        |    9.563|
B<16>          |Sum<19>        |   10.510|
B<17>          |Carry          |    9.295|
B<17>          |Sum<17>        |    7.180|
B<17>          |Sum<18>        |    8.857|
B<17>          |Sum<19>        |    9.804|
B<18>          |Carry          |    8.141|
B<18>          |Sum<18>        |    7.838|
B<18>          |Sum<19>        |    8.650|
B<19>          |Carry          |    7.348|
B<19>          |Sum<19>        |    7.857|
Cin            |Carry          |   27.424|
Cin            |Sum<1>         |   10.688|
Cin            |Sum<2>         |   11.024|
Cin            |Sum<3>         |   12.236|
Cin            |Sum<4>         |   12.838|
Cin            |Sum<5>         |   14.569|
Cin            |Sum<6>         |   15.272|
Cin            |Sum<7>         |   15.249|
Cin            |Sum<8>         |   16.698|
Cin            |Sum<9>         |   18.113|
Cin            |Sum<10>        |   19.456|
Cin            |Sum<11>        |   19.928|
Cin            |Sum<12>        |   21.883|
Cin            |Sum<13>        |   22.132|
Cin            |Sum<14>        |   23.602|
Cin            |Sum<15>        |   23.954|
Cin            |Sum<16>        |   25.721|
Cin            |Sum<17>        |   25.254|
Cin            |Sum<18>        |   26.986|
Cin            |Sum<19>        |   27.933|
---------------+---------------+---------+


Analysis completed Tue Dec 15 04:42:55 2020 
--------------------------------------------------------------------------------

Trace Settings:
-------------------------
Trace Settings 

Peak Memory Usage: 4503 MB



