Release 14.7 - xst P.20131013 (nt64)
Copyright (c) 1995-2013 Xilinx, Inc.  All rights reserved.
--> Parameter TMPDIR set to xst/projnav.tmp


Total REAL time to Xst completion: 0.00 secs
Total CPU time to Xst completion: 0.09 secs
 
--> Parameter xsthdpdir set to xst


Total REAL time to Xst completion: 0.00 secs
Total CPU time to Xst completion: 0.09 secs
 
--> Reading design: Adder.prj

TABLE OF CONTENTS
  1) Synthesis Options Summary
  2) HDL Compilation
  3) Design Hierarchy Analysis
  4) HDL Analysis
  5) HDL Synthesis
     5.1) HDL Synthesis Report
  6) Advanced HDL Synthesis
     6.1) Advanced HDL Synthesis Report
  7) Low Level Synthesis
  8) Partition Report
  9) Final Report
	9.1) Device utilization summary
	9.2) Partition Resource Summary
	9.3) TIMING REPORT


=========================================================================
*                      Synthesis Options Summary                        *
=========================================================================
---- Source Parameters
Input File Name                    : "Adder.prj"
Input Format                       : mixed
Ignore Synthesis Constraint File   : NO

---- Target Parameters
Output File Name                   : "Adder"
Output Format                      : NGC
Target Device                      : xc3s100e-4-tq144

---- Source Options
Top Module Name                    : Adder
Automatic FSM Extraction           : YES
FSM Encoding Algorithm             : Auto
Safe Implementation                : No
FSM Style                          : LUT
RAM Extraction                     : Yes
RAM Style                          : Auto
ROM Extraction                     : Yes
Mux Style                          : Auto
Decoder Extraction                 : YES
Priority Encoder Extraction        : Yes
Shift Register Extraction          : YES
Logical Shifter Extraction         : YES
XOR Collapsing                     : YES
ROM Style                          : Auto
Mux Extraction                     : Yes
Resource Sharing                   : YES
Asynchronous To Synchronous        : NO
Multiplier Style                   : Auto
Automatic Register Balancing       : No

---- Target Options
Add IO Buffers                     : YES
Global Maximum Fanout              : 100000
Add Generic Clock Buffer(BUFG)     : 24
Register Duplication               : YES
Slice Packing                      : YES
Optimize Instantiated Primitives   : NO
Use Clock Enable                   : Yes
Use Synchronous Set                : Yes
Use Synchronous Reset              : Yes
Pack IO Registers into IOBs        : Auto
Equivalent register Removal        : YES

---- General Options
Optimization Goal                  : Speed
Optimization Effort                : 1
Keep Hierarchy                     : No
Netlist Hierarchy                  : As_Optimized
RTL Output                         : Yes
Global Optimization                : AllClockNets
Read Cores                         : YES
Write Timing Constraints           : NO
Cross Clock Analysis               : NO
Hierarchy Separator                : /
Bus Delimiter                      : <>
Case Specifier                     : Maintain
Slice Utilization Ratio            : 100
BRAM Utilization Ratio             : 100
Verilog 2001                       : YES
Auto BRAM Packing                  : NO
Slice Utilization Ratio Delta      : 5

=========================================================================


=========================================================================
*                          HDL Compilation                              *
=========================================================================
Compiling verilog file "design.v" in library work
Compiling verilog file "ripplecarryadder.v" in library work
Module <FA> compiled
Module <Adder> compiled
No errors in compilation
Analysis of file <"Adder.prj"> succeeded.
 

=========================================================================
*                     Design Hierarchy Analysis                         *
=========================================================================
Analyzing hierarchy for module <Adder> in library <work>.

Analyzing hierarchy for module <FA> in library <work>.


=========================================================================
*                            HDL Analysis                               *
=========================================================================
Analyzing top module <Adder>.
Module <Adder> is correct for synthesis.
 
Analyzing module <FA> in library <work>.
Module <FA> is correct for synthesis.
 

=========================================================================
*                           HDL Synthesis                               *
=========================================================================

Performing bidirectional port resolution...

Synthesizing Unit <FA>.
    Related source file is "design.v".
    Found 1-bit xor3 for signal <Sum>.
    Summary:
	inferred   1 Xor(s).
Unit <FA> synthesized.


Synthesizing Unit <Adder>.
    Related source file is "ripplecarryadder.v".
    Found 1-bit xor2 for signal <Carry>.
    Found 1-bit xor2 for signal <$xor0000> created at line 28.
    Found 1-bit xor2 for signal <$xor0001> created at line 29.
    Found 1-bit xor2 for signal <$xor0002> created at line 31.
    Found 1-bit xor2 for signal <$xor0003> created at line 33.
    Found 1-bit xor2 for signal <$xor0004> created at line 35.
    Found 1-bit xor2 for signal <$xor0005> created at line 37.
    Found 1-bit xor2 for signal <$xor0006> created at line 39.
    Found 1-bit xor2 for signal <$xor0007> created at line 41.
    Found 1-bit xor2 for signal <$xor0008> created at line 43.
    Found 1-bit xor2 for signal <$xor0009> created at line 45.
    Found 1-bit xor2 for signal <$xor0010> created at line 47.
    Found 1-bit xor2 for signal <$xor0011> created at line 49.
    Found 1-bit xor2 for signal <$xor0012> created at line 51.
    Found 1-bit xor2 for signal <$xor0013> created at line 53.
    Found 1-bit xor2 for signal <$xor0014> created at line 55.
    Found 1-bit xor2 for signal <$xor0015> created at line 57.
    Found 1-bit xor2 for signal <$xor0016> created at line 59.
    Found 1-bit xor2 for signal <$xor0017> created at line 61.
    Found 1-bit xor2 for signal <$xor0018> created at line 63.
    Found 1-bit xor2 for signal <$xor0019> created at line 65.
Unit <Adder> synthesized.


=========================================================================
HDL Synthesis Report

Macro Statistics
# Xors                                                 : 41
 1-bit xor2                                            : 21
 1-bit xor3                                            : 20

=========================================================================

=========================================================================
*                       Advanced HDL Synthesis                          *
=========================================================================


=========================================================================
Advanced HDL Synthesis Report

Macro Statistics
# Xors                                                 : 41
 1-bit xor2                                            : 21
 1-bit xor3                                            : 20

=========================================================================

=========================================================================
*                         Low Level Synthesis                           *
=========================================================================

Optimizing unit <Adder> ...

Mapping all equations...
Building and optimizing final netlist ...
Found area constraint ratio of 100 (+ 5) on block Adder, actual ratio is 2.

Final Macro Processing ...

=========================================================================
Final Register Report

Found no macro
=========================================================================

=========================================================================
*                           Partition Report                            *
=========================================================================

Partition Implementation Status
-------------------------------

  No Partitions were found in this design.

-------------------------------

=========================================================================
*                            Final Report                               *
=========================================================================
Final Results
RTL Top Level Output File Name     : Adder.ngr
Top Level Output File Name         : Adder
Output Format                      : NGC
Optimization Goal                  : Speed
Keep Hierarchy                     : No

Design Statistics
# IOs                              : 62

Cell Usage :
# BELS                             : 40
#      LUT2                        : 1
#      LUT3                        : 1
#      LUT4                        : 38
# IO Buffers                       : 62
#      IBUF                        : 41
#      OBUF                        : 21
=========================================================================

Device utilization summary:
---------------------------

Selected Device : 3s100etq144-4 

 Number of Slices:                       23  out of    960     2%  
 Number of 4 input LUTs:                 40  out of   1920     2%  
 Number of IOs:                          62
 Number of bonded IOBs:                  62  out of    108    57%  

---------------------------
Partition Resource Summary:
---------------------------

  No Partitions were found in this design.

---------------------------


=========================================================================
TIMING REPORT

NOTE: THESE TIMING NUMBERS ARE ONLY A SYNTHESIS ESTIMATE.
      FOR ACCURATE TIMING INFORMATION PLEASE REFER TO THE TRACE REPORT
      GENERATED AFTER PLACE-and-ROUTE.

Clock Information:
------------------
No clock signals found in this design

Asynchronous Control Signals Information:
----------------------------------------
No asynchronous control signals found in this design

Timing Summary:
---------------
Speed Grade: -4

   Minimum period: No path found
   Minimum input arrival time before clock: No path found
   Maximum output required time after clock: No path found
   Maximum combinational path delay: 28.977ns

Timing Detail:
--------------
All values displayed in nanoseconds (ns)

=========================================================================
Timing constraint: Default path analysis
  Total number of paths / destination ports: 689 / 21
-------------------------------------------------------------------------
Delay:               28.977ns (Levels of Logic = 22)
  Source:            Cin (PAD)
  Destination:       Carry (PAD)

  Data Path: Cin to Carry
                                Gate     Net
    Cell:in->out      fanout   Delay   Delay  Logical Name (Net Name)
    ----------------------------------------  ------------
     IBUF:I->O            39   1.218   1.343  Cin_IBUF (Cin_IBUF)
     LUT3:I1->O            2   0.704   0.451  FA0/Carry1 (C<0>)
     LUT4:I3->O            2   0.704   0.451  FA2/Carry1 (C<1>)
     LUT4:I3->O            2   0.704   0.451  FA3/Carry1 (C<2>)
     LUT4:I3->O            2   0.704   0.451  FA4/Carry1 (C<3>)
     LUT4:I3->O            2   0.704   0.451  FA5/Carry1 (C<4>)
     LUT4:I3->O            2   0.704   0.451  FA6/Carry1 (C<5>)
     LUT4:I3->O            2   0.704   0.451  FA7/Carry1 (C<6>)
     LUT4:I3->O            2   0.704   0.451  FA8/Carry1 (C<7>)
     LUT4:I3->O            2   0.704   0.451  FA9/Carry1 (C<8>)
     LUT4:I3->O            2   0.704   0.451  FA10/Carry1 (C<9>)
     LUT4:I3->O            2   0.704   0.451  FA11/Carry1 (C<10>)
     LUT4:I3->O            2   0.704   0.451  FA12/Carry1 (C<11>)
     LUT4:I3->O            2   0.704   0.451  FA13/Carry1 (C<12>)
     LUT4:I3->O            2   0.704   0.451  FA14/Carry1 (C<13>)
     LUT4:I3->O            2   0.704   0.451  FA15/Carry1 (C<14>)
     LUT4:I3->O            2   0.704   0.451  FA16/Carry1 (C<15>)
     LUT4:I3->O            2   0.704   0.451  FA17/Carry1 (C<16>)
     LUT4:I3->O            2   0.704   0.451  FA18/Carry1 (C<17>)
     LUT4:I3->O            2   0.704   0.526  FA19/Carry1 (C<18>)
     LUT4:I1->O            1   0.704   0.420  Mxor_Carry_Result1 (Carry_OBUF)
     OBUF:I->O                 3.272          Carry_OBUF (Carry)
    ----------------------------------------
    Total                     28.977ns (18.570ns logic, 10.407ns route)
                                       (64.1% logic, 35.9% route)

=========================================================================


Total REAL time to Xst completion: 5.00 secs
Total CPU time to Xst completion: 4.50 secs
 
--> 

Total memory usage is 4513492 kilobytes

Number of errors   :    0 (   0 filtered)
Number of warnings :    0 (   0 filtered)
Number of infos    :    0 (   0 filtered)

